[web.archive.org/web/20140928115843/http_/www.monkeyquest.com/index.html]
[web-static.archive.org/_static/js/bundle-playback8833.js]
[web-static.archive.org/_static/js/wombat9b8c.js]
[web-static.archive.org/_static/js/ruffle/ruffle.js]
[backblue.gif]
[fade.gif]
[index.html]
[web.archive.org/web/20140928063440cs_/http_/www.monkeyquest.com/css/mamabar.css]
[web.archive.org/web/20140928063440cs_/http_/www.monkeyquest.com/css/closed.css]
[web.archive.org/web/20140928115843im_/http_/images.neopets.com/mamabar/logo_nick_mini.jpg]
[web.archive.org/web/20140928070335im_/http_/www.monkeyquest.com/images/faqs.png]
[web.archive.org/web/20140928115843/http_/www.monkeyquest.com/index.html]
[web-static.archive.org/_static/css/banner-styles52e6.css]
[web-static.archive.org/_static/css/iconochive8307.css]
[web.archive.org/web/20140928063440im_/http_/images.neopets.com/mamabar/mb_tab_left.gif]
[web.archive.org/web/20140928063440im_/http_/images.neopets.com/mamabar/mb_tab_right.gif]
[web.archive.org/web/20140928063440im_/http_/images.neopets.com/mamabar/mb_topbar.gif]
[web.archive.org/web/20140928063440im_/http_/images.neopets.com/mamabar/mb_bottombar.png]
[web.archive.org/web/20140928063440im_/http_/images.neopets.com/mamabar/mb_bottombar_ie.gif]
[web.archive.org/web/20140928063440cs_/http_/www.monkeyquest.com/css/mamabar.css]
[web.archive.org/web/20140928070335im_/http_/www.monkeyquest.com/images/background/top.jpg]
[web.archive.org/web/20140928070336im_/http_/www.monkeyquest.com/images/background/bottom.jpg]
[web.archive.org/web/20140928070335im_/http_/www.monkeyquest.com/images/container/top.png]
[web.archive.org/web/20140928070335im_/http_/www.monkeyquest.com/images/container/middle.png]
[web.archive.org/web/20140928070335im_/http_/www.monkeyquest.com/images/container/bottom.png]
[web.archive.org/web/20140928063440cs_/http_/www.monkeyquest.com/css/closed.css]
[web.archive.org/web/20140928115843im_/http_/images.neopets.com/mamabar/logo_nick_mini.html]
[web-static.archive.org/_static/css/record.css]
[web.archive.org/web/20140928063440im_/http_/images.neopets.com/mamabar/mb_tab_left.html]
[web.archive.org/web/20140928063440im_/http_/images.neopets.com/mamabar/mb_tab_right.html]
[web.archive.org/web/20140928063440im_/http_/images.neopets.com/mamabar/mb_topbar.html]
[web.archive.org/web/20140928063440im_/http_/images.neopets.com/mamabar/mb_bottombar.html]
[web.archive.org/web/20140928063440im_/http_/images.neopets.com/mamabar/mb_bottombar_ie.html]
