[web.archive.org/web/20140123120446/http_/www.monkeyquest.com/en/index.html]
[archive.org/includes/analytics2a5b.js]
[web-static.archive.org/_static/js/bundle-playback8833.js]
[web-static.archive.org/_static/js/wombat9b8c.js]
[web-static.archive.org/_static/js/ruffle/ruffle.js]
[backblue.gif]
[fade.gif]
[index.html]
[web.archive.org/web/20140123090301cs_/http_/www.monkeyquest.com/monkeyquest/static/css/nvwg-ext/UI/Widgets/Form/CustomElement769e.css]
[web.archive.org/web/20140123090305cs_/http_/www.monkeyquest.com/monkeyquest/static/css/monkeyquest769e.css]
[web.archive.org/web/20140123120448cs_/http_/www.monkeyquest.com/monkeyquest/static/css/pages/lander/home/default769e.css]
[web.archive.org/web/20140123090312cs_/http_/www.monkeyquest.com/monkeyquest/static/css/pages/lander/common769e.css]
[web.archive.org/web/20140123090314cs_/http_/www.monkeyquest.com/monkeyquest/static/css/common/login769e.css]
[web.archive.org/web/20140123090316cs_/http_/www.monkeyquest.com/monkeyquest/static/css/pages/lander/thslide769e.css]
[web.archive.org/web/20140123090336js_/http_/www.monkeyquest.com/data/user/session769e.js]
[web.archive.org/web/20140123090348js_/http_/www.monkeyquest.com/monkeyquest/static/js/mq_stats769e.js]
[web-static.archive.org/_static/images/toolbar/wayback-toolbar-logo-200.png]
[web-static.archive.org/_static/images/toolbar/wm_tb_prv_on.png]
[web-static.archive.org/_static/images/toolbar/wm_tb_nxt_on.png]
[web-static.archive.org/_static/images/loading.gif]
[web.archive.org/web/20140123120452im_/http_/www.monkeyquest.com/docs/sizes/528be262ea53a/source/CTSfooter.jpg]
[web.archive.org/web/20140123120456im_/http_/www.monkeyquest.com/docs/sizes/528e78962a1f3/source/ctsbg.jpg]
[web.archive.org/web/20140123120459cs_/http_/www.monkeyquest.com/monkeyquest/static/css/mamabar.css]
[web.archive.org/web/20140123120446im_/http_/images.neopets.com/mamabar/logo_nick_mini.jpg]
[web.archive.org/web/20140123120503cs_/http_/www.monkeyquest.com/monkeyquest/static/css/fragments.footer.css]
[web.archive.org/web/20140123120506cs_/http_/www.monkeyquest.com/monkeyquest/static/css/fragments.misc.css]
[web.archive.org/web/20140123120511im_/http_/www.monkeyquest.com/monkeyquest/static/images/all/logo/esrb_big.gif]
[web.archive.org/web/20140123120514im_/http_/www.monkeyquest.com/monkeyquest/static/images/en/logo/footer_nickelodeon.png]
[web.archive.org/web/20140123120518im_/http_/www.monkeyquest.com/monkeyquest/static/images/en/buttons/b_nick_kids_teens.gif]
[web.archive.org/web/20140123120446/http_/www.monkeyquest.com/en/index.html]
[analytics.archive.org/0.gif]
[archive.org/includes/analytics2a5b.js]
[web-static.archive.org/_static/css/banner-styles52e6.css]
[web-static.archive.org/_static/css/iconochive8307.css]
[web.archive.org/web/20140123090301cs_/http_/www.monkeyquest.com/monkeyquest/static/css/nvwg-ext/UI/Widgets/Form/CustomElement769e.css]
[web.archive.org/web/20140123090458im_/http_/www.monkeyquest.com/monkeyquest/static/css/nvwg-ext/UI/Widgets/Form/form-controls.html]
[web.archive.org/web/20140123090500cs_/http_/www.monkeyquest.com/monkeyquest/static/css/fragments.header.css]
[web.archive.org/web/20140123090434cs_/http_/www.monkeyquest.com/monkeyquest/static/css/fragments.footer.css]
[web.archive.org/web/20140123090503cs_/http_/www.monkeyquest.com/monkeyquest/static/css/fragments.buttons.css]
[web.archive.org/web/20140123090407cs_/http_/www.monkeyquest.com/monkeyquest/static/css/mamabar.css]
[web.archive.org/web/20140123090506cs_/http_/www.monkeyquest.com/monkeyquest/static/css/titles.css]
[web.archive.org/web/20140123090508cs_/http_/www.monkeyquest.com/monkeyquest/static/css/common/dialogs.css]
[web.archive.org/web/20140123090512cs_/http_/www.monkeyquest.com/monkeyquest/static/css/global/promotions/login/april-fools.css]
[web.archive.org/web/20140123090513cs_/http_/www.monkeyquest.com/monkeyquest/static/css/global/promotions/login/grenade-of-doom.css]
[web.archive.org/web/20140123090515cs_/http_/www.monkeyquest.com/monkeyquest/static/css/global/loginAd/dlc-download.css]
[web.archive.org/web/20140123090517im_/http_/www.monkeyquest.com/monkeyquest/static/images/all/bg/beach_top.jpg]
[web.archive.org/web/20140123090518im_/http_/www.monkeyquest.com/monkeyquest/static/images/all/bg/beach_bottom.jpg]
[web.archive.org/web/20140123090520im_/http_/www.monkeyquest.com/monkeyquest/static/images/all/bg/login_box.png]
[web.archive.org/web/20140123090521im_/http_/www.monkeyquest.com/monkeyquest/static/images/all/icons/loginbox_arrow.png]
[web.archive.org/web/20140123090522im_/http_/www.monkeyquest.com/monkeyquest/static/images/all/icons/ico_form_load_bert.html]
[web.archive.org/web/20140123090525im_/http_/www.monkeyquest.com/monkeyquest/static/images/all/icons/ico_form_okay.png]
[web.archive.org/web/20140123090527im_/http_/www.monkeyquest.com/monkeyquest/static/images/all/icons/ico_form_error.png]
[web.archive.org/web/20140123090528im_/http_/www.monkeyquest.com/monkeyquest/static/images/en/buttons/next.png]
[web.archive.org/web/20140123090531im_/http_/www.monkeyquest.com/monkeyquest/static/images/all/icons/radio_custom.png]
[web.archive.org/web/20140123090533im_/http_/www.monkeyquest.com/monkeyquest/static/images/all/icons/check_custom.png]
[web.archive.org/web/20140123090536im_/http_/www.monkeyquest.com/monkeyquest/static/images/all/bg/registration_process.png]
[web.archive.org/web/20140123090538im_/http_/www.monkeyquest.com/monkeyquest/static/images/all/bg/registration_step_off.png]
[web.archive.org/web/20140123090540im_/http_/www.monkeyquest.com/monkeyquest/static/images/all/bg/registration_step_on.png]
[web.archive.org/web/20140123090543im_/http_/www.monkeyquest.com/monkeyquest/static/images/all/bg/progress_check.png]
[web.archive.org/web/20140123090544im_/http_/www.monkeyquest.com/monkeyquest/static/images/all/bubble_corner.png]
[web.archive.org/web/20140123090546im_/http_/www.monkeyquest.com/monkeyquest/static/images/all/icons/bubble_icon.png]
[web.archive.org/web/20140123090547im_/http_/www.monkeyquest.com/monkeyquest/static/images/all/bg/new_congrats_bg.png]
[web.archive.org/web/20140123090548im_/http_/www.monkeyquest.com/monkeyquest/static/images/all/bg/pix_white_translucide.png]
[web.archive.org/web/20140123090549im_/http_/www.monkeyquest.com/monkeyquest/static/images/all/bg/box_left_orange_body.png]
[web.archive.org/web/20140123090551im_/http_/www.monkeyquest.com/monkeyquest/static/images/all/bg/box_left_orange_top.png]
[web.archive.org/web/20140123090553im_/http_/www.monkeyquest.com/monkeyquest/static/images/all/bg/box_left_orange_bottom.png]
[web.archive.org/web/20140123090555im_/http_/www.monkeyquest.com/monkeyquest/static/images/all/bg/box_center_green_body.png]
[web.archive.org/web/20140123090556im_/http_/www.monkeyquest.com/monkeyquest/static/images/all/bg/box_center_green_top.png]
[web.archive.org/web/20140123090558im_/http_/www.monkeyquest.com/monkeyquest/static/images/all/bg/box_center_green_bottom.png]
[web.archive.org/web/20140123090559im_/http_/www.monkeyquest.com/monkeyquest/static/images/all/bg/box_right_aqua_body.png]
[web.archive.org/web/20140123090559im_/http_/www.monkeyquest.com/monkeyquest/static/images/all/bg/box_right_aqua_top.png]
[web.archive.org/web/20140123090601im_/http_/www.monkeyquest.com/monkeyquest/static/images/all/bg/box_right_aqua_bottom.png]
[web.archive.org/web/20140123090603im_/http_/www.monkeyquest.com/monkeyquest/static/images/all/bg/box_right_orange_body.png]
[web.archive.org/web/20140123090604im_/http_/www.monkeyquest.com/monkeyquest/static/images/all/bg/box_right_orange_top.png]
[web.archive.org/web/20140123090606im_/http_/www.monkeyquest.com/monkeyquest/static/images/all/bg/box_right_orange_bottom.png]
[web.archive.org/web/20140123090607im_/http_/www.monkeyquest.com/monkeyquest/static/images/all/bg/box_text_green_body.png]
[web.archive.org/web/20140123090609im_/http_/www.monkeyquest.com/monkeyquest/static/images/all/bg/box_text_green_top.png]
[web.archive.org/web/20140123090610im_/http_/www.monkeyquest.com/monkeyquest/static/images/all/bg/box_text_green_bottom.png]
[web.archive.org/web/20140123090612im_/http_/www.monkeyquest.com/monkeyquest/static/images/all/bg/box_text_green_play.png]
[web.archive.org/web/20140123090615im_/http_/www.monkeyquest.com/monkeyquest/static/images/all/bg/box_fullplay_green_play.png]
[web.archive.org/web/20140123090618im_/http_/www.monkeyquest.com/monkeyquest/static/images/all/bg/box_content_green_body.png]
[web.archive.org/web/20140123090623im_/http_/www.monkeyquest.com/monkeyquest/static/images/all/bg/box_content_green_top.png]
[web.archive.org/web/20140123090628im_/http_/www.monkeyquest.com/monkeyquest/static/images/all/bg/box_content_green_bottom.png]
[web.archive.org/web/20140123090632im_/http_/www.monkeyquest.com/monkeyquest/static/images/all/bg/box_error_green_body.png]
[web.archive.org/web/20140123090635im_/http_/www.monkeyquest.com/monkeyquest/static/images/all/bg/box_error_green_top.png]
[web.archive.org/web/20140123090637im_/http_/www.monkeyquest.com/monkeyquest/static/images/all/bg/box_error_green_bottom.png]
[web.archive.org/web/20140123090638im_/http_/www.monkeyquest.com/monkeyquest/static/images/all/bg/box_wide_green_body.png]
[web.archive.org/web/20140123090640im_/http_/www.monkeyquest.com/monkeyquest/static/images/all/bg/box_wide_green_top.png]
[web.archive.org/web/20140123090642im_/http_/www.monkeyquest.com/monkeyquest/static/images/all/bg/box_wide_green_bottom.png]
[web.archive.org/web/20140123090644im_/http_/www.monkeyquest.com/monkeyquest/static/images/all/bg/box_full_green_body.png]
[web.archive.org/web/20140123090647im_/http_/www.monkeyquest.com/monkeyquest/static/images/all/bg/box_full_green_top.png]
[web.archive.org/web/20140123090649im_/http_/www.monkeyquest.com/monkeyquest/static/images/all/bg/box_full_green_bottom.png]
[web.archive.org/web/20140123090653im_/http_/www.monkeyquest.com/monkeyquest/static/images/all/bg/box_fullplay_green_body.png]
[web.archive.org/web/20140123090656im_/http_/www.monkeyquest.com/monkeyquest/static/images/all/bg/box_fullplay_green_top.png]
[web.archive.org/web/20140123090700im_/http_/www.monkeyquest.com/monkeyquest/static/images/all/bg/box_fullplay_green_bottom.png]
[web.archive.org/web/20140123090703im_/http_/www.monkeyquest.com/monkeyquest/static/images/all/bg/box_signup_body.png]
[web.archive.org/web/20140123090705im_/http_/www.monkeyquest.com/monkeyquest/static/images/all/bg/box_signup_top.png]
[web.archive.org/web/20140123090706im_/http_/www.monkeyquest.com/monkeyquest/static/images/all/bg/box_signup_bottom.png]
[web.archive.org/web/20140123090708im_/http_/www.monkeyquest.com/monkeyquest/static/images/all/bg/utilbox_left.png]
[web.archive.org/web/20140123090708im_/http_/www.monkeyquest.com/monkeyquest/static/images/all/bg/utilbox_right.png]
[web.archive.org/web/20140123090710im_/http_/www.monkeyquest.com/monkeyquest/static/images/all/headers/welcome-back.png]
[web.archive.org/web/20140123090712im_/http_/www.monkeyquest.com/monkeyquest/static/images/all/bg/highlight_box.png]
[web.archive.org/web/20140123090717im_/http_/www.monkeyquest.com/monkeyquest/static/images/all/bg/highlight_tab.png]
[web.archive.org/web/20140123090453im_/http_/www.monkeyquest.com/monkeyquest/static/images/pix.gif]
[web.archive.org/web/20140123090721im_/http_/www.monkeyquest.com/monkeyquest/static/images/all/bg/features_textbox.png]
[web.archive.org/web/20140123090725im_/http_/www.monkeyquest.com/monkeyquest/static/images/en/buttons/sign-up.png]
[web.archive.org/web/20140123090728im_/http_/www.monkeyquest.com/monkeyquest/static/images/all/buttons/log-in.png]
[web.archive.org/web/20140123090732im_/http_/www.monkeyquest.com/monkeyquest/static/images/all/global/user/login/backgrounds/parchment/large.png]
[web.archive.org/web/20140123090733im_/http_/www.monkeyquest.com/monkeyquest/static/images/all/graphic/box_error_nolabel.png]
[web.archive.org/web/20140123090734im_/http_/www.monkeyquest.com/monkeyquest/static/images/all/graphic/box_sadface_nolabel.png]
[web.archive.org/web/20140123090735im_/http_/www.monkeyquest.com/monkeyquest/static/images/all/icons/news_picto.png]
[web.archive.org/web/20140123090737im_/http_/www.monkeyquest.com/monkeyquest/static/images/all/icons/home_icon_event.png]
[web.archive.org/web/20140123090741im_/http_/www.monkeyquest.com/monkeyquest/static/images/all/icons/home_icon_maintenance.png]
[web.archive.org/web/20140123090744im_/http_/www.monkeyquest.com/monkeyquest/static/images/all/icons/home_icon_news.png]
[web.archive.org/web/20140123090747im_/http_/www.monkeyquest.com/monkeyquest/static/images/all/bg/promo_home_top.png]
[web.archive.org/web/20140123090749im_/http_/www.monkeyquest.com/monkeyquest/static/images/all/bg/promo_home_bottom.png]
[web.archive.org/web/20140123090753im_/http_/www.monkeyquest.com/monkeyquest/static/images/all/bg/promo_home_middle.png]
[web.archive.org/web/20140123090755im_/http_/www.monkeyquest.com/monkeyquest/static/images/all/bg/box_embedded_green_top.png]
[web.archive.org/web/20140123090757im_/http_/www.monkeyquest.com/monkeyquest/static/images/all/bg/box_embedded_green_bottom.png]
[web.archive.org/web/20140123090758im_/http_/www.monkeyquest.com/monkeyquest/static/images/all/bg/box_embedded_green_body.png]
[web.archive.org/web/20140123090759im_/http_/www.monkeyquest.com/monkeyquest/static/images/all/bg/scotchpanel.png]
[web.archive.org/web/20140123090801im_/http_/www.monkeyquest.com/monkeyquest/static/images/all/graphic/monkey_sad.png]
[web.archive.org/web/20140123090803im_/http_/www.monkeyquest.com/monkeyquest/static/images/all/bg/scotchpanel_maintenance.png]
[web.archive.org/web/20140123090804im_/http_/www.monkeyquest.com/monkeyquest/static/images/all/bg/overlay_black.png]
[web.archive.org/web/20140123090808im_/http_/www.monkeyquest.com/monkeyquest/static/images/all/buttons/play/glow-overlay.png]
[web.archive.org/web/20140123090809im_/http_/www.monkeyquest.com/monkeyquest/static/images/all/buttons/large-animated.html]
[web.archive.org/web/20140123090812im_/http_/www.monkeyquest.com/monkeyquest/static/images/all/bg/signupPromoBottom.png]
[web.archive.org/web/20140123090813im_/http_/www.monkeyquest.com/monkeyquest/static/images/GM/gm-cadre.png]
[web.archive.org/web/20140123090814im_/http_/www.monkeyquest.com/monkeyquest/static/images/GM/gm-bg.jpg]
[web.archive.org/web/20140123090815im_/http_/www.monkeyquest.com/monkeyquest/static/images/GM/gm-title.png]
[web.archive.org/web/20140123090817im_/http_/www.monkeyquest.com/monkeyquest/static/images/GM/gm-text.png]
[web.archive.org/web/20140123090819im_/http_/www.monkeyquest.com/monkeyquest/static/images/GM/gm-clown.png]
[web.archive.org/web/20140123090820im_/http_/www.monkeyquest.com/monkeyquest/static/images/GM/gm-ad.png]
[web.archive.org/web/20140123090822im_/http_/www.monkeyquest.com/monkeyquest/static/images/GM/gm-items.png]
[web.archive.org/web/20140123090825im_/http_/www.monkeyquest.com/monkeyquest/static/images/GM/gm-sponsorship.png]
[web.archive.org/web/20140123090826im_/http_/www.monkeyquest.com/monkeyquest/static/images/GM/gm-visitwebsite.png]
[web.archive.org/web/20140123090828im_/http_/www.monkeyquest.com/monkeyquest/static/images/GM/gm-boxes.png]
[web.archive.org/web/20140123090830im_/http_/www.monkeyquest.com/monkeyquest/static/images/GM/gm-contentbox.png]
[web.archive.org/web/20140123090832im_/http_/www.monkeyquest.com/monkeyquest/static/images/GM/gm-item1.png]
[web.archive.org/web/20140123090834im_/http_/www.monkeyquest.com/monkeyquest/static/images/GM/gm-item2.png]
[web.archive.org/web/20140123090836im_/http_/www.monkeyquest.com/monkeyquest/static/images/GM/gm-item3.png]
[web.archive.org/web/20140123090837im_/http_/www.monkeyquest.com/monkeyquest/static/images/all/buttons/refer/background.png]
[web.archive.org/web/20140123090838im_/http_/www.monkeyquest.com/monkeyquest/static/images/all/buttons/refer/text.png]
[web.archive.org/web/20140123090840im_/http_/www.monkeyquest.com/monkeyquest/static/images/all/buttons/ways-to-play/background.png]
[web.archive.org/web/20140123090841im_/http_/www.monkeyquest.com/monkeyquest/static/images/dlc-landing/download_game.png]
[web.archive.org/web/20140123090843im_/http_/www.monkeyquest.com/monkeyquest/static/images/all/buttons/ways-to-play/text.png]
[web.archive.org/web/20140123090844im_/http_/www.monkeyquest.com/monkeyquest/static/images/all/global/user/login/notifications/moderation/border.png]
[web.archive.org/web/20140123090845im_/http_/www.monkeyquest.com/monkeyquest/static/images/all/global/user/login/notifications/moderation/background.jpg]
[web.archive.org/web/20140123090847im_/http_/www.monkeyquest.com/monkeyquest/static/images/all/global/user/login/notifications/moderation/text/silence/permanent/header.png]
[web.archive.org/web/20140123090848im_/http_/www.monkeyquest.com/monkeyquest/static/images/all/global/user/login/notifications/moderation/text/silence/temporary/header.png]
[web.archive.org/web/20140123090850im_/http_/www.monkeyquest.com/monkeyquest/static/images/all/global/user/login/notifications/moderation/text/ban/permanent/header.png]
[web.archive.org/web/20140123090852im_/http_/www.monkeyquest.com/monkeyquest/static/images/all/global/user/login/notifications/moderation/text/ban/temporary/header.png]
[web.archive.org/web/20140123090854im_/http_/www.monkeyquest.com/monkeyquest/static/images/all/global/user/login/notifications/moderation/btn-acknowledge.png]
[web.archive.org/web/20140123090857im_/http_/www.monkeyquest.com/monkeyquest/static/images/all/buttons/x.png]
[web.archive.org/web/20140123090859im_/http_/www.monkeyquest.com/monkeyquest/static/images/all/global/user/login/notifications/moderation/text/silence/permanent/timer.png]
[web.archive.org/web/20140123090901im_/http_/www.monkeyquest.com/monkeyquest/static/images/all/global/user/login/notifications/moderation/text/silence/temporary/timer.png]
[web.archive.org/web/20140123090903im_/http_/www.monkeyquest.com/monkeyquest/static/images/all/global/user/login/notifications/moderation/text/ban/permanent/timer.png]
[web.archive.org/web/20140123090905im_/http_/www.monkeyquest.com/monkeyquest/static/images/all/global/user/login/notifications/moderation/text/ban/temporary/timer.png]
[web.archive.org/web/20140123090906im_/http_/www.monkeyquest.com/monkeyquest/static/images/all/mobile-message/incompatible.png]
[web.archive.org/web/20140123090305cs_/http_/www.monkeyquest.com/monkeyquest/static/css/monkeyquest769e.css]
[web.archive.org/web/20140123090907im_/http_/www.monkeyquest.com/monkeyquest/static/images/all/pages/lander/home/navigation/community.png]
[web.archive.org/web/20140123090908im_/http_/www.monkeyquest.com/monkeyquest/static/images/all/pages/lander/home/navigation/membership.png]
[web.archive.org/web/20140123090909im_/http_/www.monkeyquest.com/monkeyquest/static/images/all/pages/lander/home/navigation/parents.png]
[web.archive.org/web/20140123090911im_/http_/www.monkeyquest.com/monkeyquest/static/images/all/pages/lander/home/navigation/help.png]
[web.archive.org/web/20140123090912im_/http_/www.monkeyquest.com/monkeyquest/static/images/all/pages/lander/home/background.png]
[web.archive.org/web/20140123090913im_/http_/www.monkeyquest.com/monkeyquest/static/images/all/pages/lander/home/arrow-left.png]
[web.archive.org/web/20140123090915im_/http_/www.monkeyquest.com/monkeyquest/static/images/all/pages/lander/home/arrow-right.png]
[web.archive.org/web/20140123090917im_/http_/www.monkeyquest.com/monkeyquest/static/images/all/pages/lander/home/slides/slide-a.png]
[web.archive.org/web/20140123090918im_/http_/www.monkeyquest.com/monkeyquest/static/images/all/pages/lander/home/slides/slide-b.png]
[web.archive.org/web/20140123090920im_/http_/www.monkeyquest.com/monkeyquest/static/images/all/pages/lander/home/slides/slide-c.png]
[web.archive.org/web/20140123090922im_/http_/www.monkeyquest.com/monkeyquest/static/images/all/pages/lander/home/buttons/play/background.png]
[web.archive.org/web/20140123090924im_/http_/www.monkeyquest.com/monkeyquest/static/images/all/pages/lander/home/buttons/play/animation.png]
[web.archive.org/web/20140123090925im_/http_/www.monkeyquest.com/monkeyquest/static/images/all/pages/lander/home/mq-logo.png]
[web.archive.org/web/20140123090926im_/http_/www.monkeyquest.com/monkeyquest/static/images/all/pages/lander/home/buttons/btn-parents.png]
[web.archive.org/web/20140123090928im_/http_/www.monkeyquest.com/monkeyquest/static/images/all/pages/lander/home/buttons/btn-trailer.png]
[web.archive.org/web/20140123090929im_/http_/www.monkeyquest.com/monkeyquest/static/images/all/pages/lander/home/buttons/btn-membership.png]
[web.archive.org/web/20140123120448cs_/http_/www.monkeyquest.com/monkeyquest/static/css/pages/lander/home/default769e.css]
[web.archive.org/web/20140123090931im_/http_/www.monkeyquest.com/monkeyquest/static/images/all/pages/lander/control/common/login-backgorund.html]
[web.archive.org/web/20140123090312cs_/http_/www.monkeyquest.com/monkeyquest/static/css/pages/lander/common769e.css]
[web.archive.org/web/20140123090935im_/http_/www.monkeyquest.com/monkeyquest/static/images/all/pages/lander/control/common/btn-login.html]
[web.archive.org/web/20140123090939im_/http_/www.monkeyquest.com/monkeyquest/static/images/all/bg/small-box-sprite.png]
[web.archive.org/web/20140123090945im_/http_/www.monkeyquest.com/monkeyquest/static/images/all/buttons/btn-close-x.png]
[web.archive.org/web/20140123090314cs_/http_/www.monkeyquest.com/monkeyquest/static/css/common/login769e.css]
[web.archive.org/web/20140123090949im_/http_/www.monkeyquest.com/monkeyquest/static/images/all/pages/lander/embed/default/arrow-left.png]
[web.archive.org/web/20140123090952im_/http_/www.monkeyquest.com/monkeyquest/static/images/all/pages/lander/embed/default/arrow-right.png]
[web.archive.org/web/20140123090316cs_/http_/www.monkeyquest.com/monkeyquest/static/css/pages/lander/thslide769e.css]
[web.archive.org/web/20140123090319js_/http_/www.monkeyquest.com/monkeyquest/static/js/jquery/jquery-1.4.1.min769e.js]
[web.archive.org/web/20140123090321js_/http_/www.monkeyquest.com/monkeyquest/static/js/jquery/jquery.cookie769e.js]
[web.archive.org/web/20140123090322js_/http_/www.monkeyquest.com/monkeyquest/static/js/jquery/jquery.validate.min769e.js]
[web.archive.org/web/20140123120446/http_/www.monkeyquest.com/en/GET]
[web.archive.org/web/20140123120446/http_/www.monkeyquest.com/en/^(([^_/indexd41d.html]
[web.archive.org/web/20140123090324js_/http_/www.monkeyquest.com/static-lib/dojo/1.6/dojo/dojo-build769e.js]
[web.archive.org/web/20140123090326js_/http_/www.monkeyquest.com/monkeyquest/static/js/nvwg-ext/UI/Base769e.js]
[web.archive.org/web/20140123090327js_/http_/www.monkeyquest.com/monkeyquest/static/js/nvwg-ext/UI/Util/Cookie769e.js]
[web.archive.org/web/20140123090329js_/http_/www.monkeyquest.com/monkeyquest/static/js/nvwg-ext/UI/Widgets/Form/CustomElement769e.js]
[web.archive.org/web/20140123090331js_/http_/www.monkeyquest.com/cache/heap.en769e.js]
[web.archive.org/web/20140123090333js_/http_/www.monkeyquest.com/monkeyquest/static/js/lib/user769e.js]
[web.archive.org/web/20140123120446/http_/www.monkeyquest.com/en/.grobold-simple]
[web.archive.org/web/20140123090334js_/http_/www.monkeyquest.com/monkeyquest/static/js/mq769e.js]
[web.archive.org/web/20140123120450js_/http_/www.monkeyquest.com/monkeyquest/static/js/fragments.ooktime769e.js]
[web.archive.org/web/20140123090340js_/http_/www.monkeyquest.com/monkeyquest/static/js/json2769e.js]
[web.archive.org/web/20140123090341js_/http_/www.monkeyquest.com/monkeyquest/static/js/turbulent.forms769e.js]
[web.archive.org/web/20140123090342js_/http_/www.monkeyquest.com/monkeyquest/static/js/swfobject769e.js]
[web.archive.org/web/20140123090344js_/http_/www.monkeyquest.com/monkeyquest/static/js/cufon/cufon-yui769e.js]
[web.archive.org/web/20140123090346js_/http_/www.monkeyquest.com/monkeyquest/static/js/cufon/GROBOLD_500.font769e.js]
[web.archive.org/web/20140123120459im_/http_/images.neopets.com/mamabar/mb_tab_left.gif]
[web.archive.org/web/20140123120459im_/http_/images.neopets.com/mamabar/mb_tab_right.gif]
[web.archive.org/web/20140123120459im_/http_/images.neopets.com/mamabar/mb_topbar.gif]
[web.archive.org/web/20140123120459im_/http_/images.neopets.com/mamabar/mb_bottombar.png]
[web.archive.org/web/20140123120459im_/http_/images.neopets.com/mamabar/mb_bottombar_ie.gif]
[web.archive.org/web/20140123120459cs_/http_/www.monkeyquest.com/monkeyquest/static/css/mamabar.css]
[web.archive.org/web/20140123120446im_/http_/images.neopets.com/mamabar/logo_nick_mini.html]
[web.archive.org/monkeyquest/static/images/all/pages/lander/home/testing/video/buttons/video/placeholder769e.html]
[web.archive.org/web/20140123091457im_/http_/www.monkeyquest.com/monkeyquest/static/images/all/bg/footer.png]
[web.archive.org/web/20140123120503cs_/http_/www.monkeyquest.com/monkeyquest/static/css/fragments.footer.css]
[web.archive.org/web/20140123120506cs_/http_/www.monkeyquest.com/monkeyquest/static/css/fragments.misc.css]
[web.archive.org/web/20140123090441js_/http_/www.monkeyquest.com/monkeyquest/static/js/mboxTrack_Plugin_v4769e.js]
[web.archive.org/web/20140123120523js_/http_/www.monkeyquest.com/monkeyquest/static/js/pages/lander/home769e.js]
[web.archive.org/web/20140123090448js_/http_/www.monkeyquest.com/monkeyquest/static/js/pages/lander/common769e.js]
[web.archive.org/web/20140123090454js_/http_/www.monkeyquest.com/monkeyquest/static/js/common/logind171.js]
[web.archive.org/web/20140123090455js_/http_/www.monkeyquest.com/monkeyquest/static/js/common/game-moded171.js]
[web.archive.org/web/20140123090456js_/http_/www.monkeyquest.com/monkeyquest/static/js/jquery/jquery.thslided171.js]
[web-static.archive.org/_static/css/record.css]
[www.monkeyquest.com/docs/sizes/528be262ea53a/source/CTSfooter.1b0.delayed]
[www.monkeyquest.com/docs/sizes/528e78962a1f3/source/ctsbg.jpg]
[www.monkeyquest.com/docs/sizes/528be26a2face/source/CTSheader.png]
[www.monkeyquest.com/monkeyquest/static/images/all/buttons/fb-like-decoy.gif]
[www.monkeyquest.com/docs/sizes/4ee8df91bba34/features_thumb/background-superhero-1280.jpg]
[www.monkeyquest.com/docs/sizes/4e24655dc4372/features_thumb/Player-Screenshot-vespid-imagen.jpg]
[www.monkeyquest.com/docs/sizes/4d8149ea92c25/features_thumb/monkeyking.jpg]
[www.monkeyquest.com/docs/sizes/4d815b827253c/features_thumb/MQscreengrab32.jpg]
[www.monkeyquest.com/monkeyquest/static/css/fragments.footer.css]
[www.monkeyquest.com/monkeyquest/static/css/fragments.misc.css]
[www.monkeyquest.com/monkeyquest/static/images/en/logo/footer_nickelodeon.png]
[www.monkeyquest.com/monkeyquest/static/images/en/buttons/b_nick_kids_teens.gif]
[web.archive.org/web/20140123090458im_/http_/www.monkeyquest.com/monkeyquest/static/css/nvwg-ext/UI/Widgets/Form/form-controls.html]
[web.archive.org/web/20140213011644im_/http_/www.monkeyquest.com/monkeyquest/static/images/all/layout/nav/backgrounds/standard.png]
[web.archive.org/web/20140213005755im_/http_/www.monkeyquest.com/monkeyquest/static/images/all/bg/menu.png]
[web.archive.org/web/20140213010926im_/http_/www.monkeyquest.com/monkeyquest/static/images/all/layout/nav/backgrounds/small.png]
[web.archive.org/web/20140213010717im_/http_/www.monkeyquest.com/monkeyquest/static/images/all/layout/nav/backgrounds/menu-hover.png]
[web.archive.org/web/20140213004717im_/http_/www.monkeyquest.com/monkeyquest/static/images/all/icons/ico_dropdown.png]
[web.archive.org/web/20140213012147im_/http_/www.monkeyquest.com/monkeyquest/static/images/all/icons/ico_home.png]
[web.archive.org/web/20140213010953im_/http_/www.monkeyquest.com/monkeyquest/static/images/all/icons/nav_ad.png]
[web.archive.org/web/20140213004618im_/http_/www.monkeyquest.com/monkeyquest/static/images/all/bg/dropdown_body.png]
[web.archive.org/web/20140213012158im_/http_/www.monkeyquest.com/monkeyquest/static/images/all/bg/dropdown_top.png]
[web.archive.org/web/20140213005155im_/http_/www.monkeyquest.com/monkeyquest/static/images/all/bg/dropdown_bottom.png]
[web.archive.org/web/20140213011839im_/http_/www.monkeyquest.com/monkeyquest/static/images/all/graphic/vines_home.png]
[web.archive.org/web/20140213010545im_/http_/www.monkeyquest.com/monkeyquest/static/images/all/bg/menu-embed.png]
[web.archive.org/web/20140213012138im_/http_/www.monkeyquest.com/monkeyquest/static/images/all/bg/utilbox_body.png]
[web.archive.org/web/20140213010229im_/http_/www.monkeyquest.com/monkeyquest/static/images/all/icons/logo.png]
[web.archive.org/web/20140127005709im_/http_/www.monkeyquest.com/monkeyquest/static/images/all/buttons/b_sharing.png]
[web.archive.org/web/20140213011923im_/http_/www.monkeyquest.com/monkeyquest/static/images/en/buttons/b_learnmore.png]
[web.archive.org/web/20140213010029im_/http_/www.monkeyquest.com/monkeyquest/static/images/all/layout/nav/shrubs/compact.png]
[web.archive.org/web/20140213005159im_/http_/www.monkeyquest.com/monkeyquest/static/images/all/logo/compact.png]
[web.archive.org/web/20140213011843im_/http_/www.monkeyquest.com/monkeyquest/static/images/all/global/layout/mobile-callout.png]
[web.archive.org/web/20140213012201im_/http_/www.monkeyquest.com/monkeyquest/static/images/all/global/layout/parents-callout.png]
[web.archive.org/web/20140213011037im_/http_/www.monkeyquest.com/monkeyquest/static/images/all/global/user/login/backgrounds/parchment/small.png]
[web.archive.org/web/20140213005613im_/http_/www.monkeyquest.com/monkeyquest/static/images/all/global/user/login/text.png]
[web.archive.org/web/20140213005431im_/http_/www.monkeyquest.com/monkeyquest/static/images/all/global/user/login/backgrounds/menu-dropdown.png]
[web.archive.org/web/20140123090500cs_/http_/www.monkeyquest.com/monkeyquest/static/css/fragments.header.css]
[web.archive.org/web/20140123090434cs_/http_/www.monkeyquest.com/monkeyquest/static/css/fragments.footer.css]
[web.archive.org/web/20140213010324im_/http_/www.monkeyquest.com/monkeyquest/static/images/en/buttons/b_about.png]
[web.archive.org/web/20140213011907im_/http_/www.monkeyquest.com/monkeyquest/static/images/en/buttons/b_beta_center.png]
[web.archive.org/web/20140213010414im_/http_/www.monkeyquest.com/monkeyquest/static/images/en/buttons/b_let_us_know.png]
[web.archive.org/web/20140213005456im_/http_/www.monkeyquest.com/monkeyquest/static/images/en/buttons/b_take_survey.png]
[web.archive.org/web/20140213005826im_/http_/www.monkeyquest.com/monkeyquest/static/images/en/buttons/b_play.png]
[web.archive.org/web/20140213005157im_/http_/www.monkeyquest.com/monkeyquest/static/images/en/buttons/b_play_footer.png]
[web.archive.org/web/20140213011627im_/http_/www.monkeyquest.com/monkeyquest/static/images/en/buttons/b_home.png]
[web.archive.org/web/20140213004750im_/http_/www.monkeyquest.com/monkeyquest/static/images/en/buttons/b_signup.png]
[web.archive.org/web/20140213011422im_/http_/www.monkeyquest.com/monkeyquest/static/images/en/buttons/b_signup_footer.png]
[web.archive.org/web/20140213012156im_/http_/www.monkeyquest.com/monkeyquest/static/images/en/buttons/b_signup_blue.png]
[web.archive.org/web/20140213005802im_/http_/www.monkeyquest.com/monkeyquest/static/images/en/buttons/b_play_signup.png]
[web.archive.org/web/20140213011551im_/http_/www.monkeyquest.com/monkeyquest/static/images/en/buttons/b_play_signup_footer.png]
[web.archive.org/web/20140213005805im_/http_/www.monkeyquest.com/monkeyquest/static/images/en/buttons/b_check_availability.png]
[web.archive.org/web/20140213005118im_/http_/www.monkeyquest.com/monkeyquest/static/images/en/buttons/b_iagree.png]
[web.archive.org/web/20140213011026im_/http_/www.monkeyquest.com/monkeyquest/static/images/en/buttons/b_submit.png]
[web.archive.org/web/20140213011115im_/http_/www.monkeyquest.com/monkeyquest/static/images/en/buttons/b_done.png]
[web.archive.org/web/20140213010615im_/http_/www.monkeyquest.com/monkeyquest/static/images/en/buttons/b_ok.png]
[web.archive.org/web/20140213005250im_/http_/www.monkeyquest.com/monkeyquest/static/images/en/buttons/b_notify.png]
[web.archive.org/web/20140213010057im_/http_/www.monkeyquest.com/monkeyquest/static/images/en/buttons/b_save_changes.png]
[web.archive.org/web/20140213010045im_/http_/www.monkeyquest.com/monkeyquest/static/images/en/buttons/b_download_mp3.png]
[web.archive.org/web/20140213004617im_/http_/www.monkeyquest.com/monkeyquest/static/images/en/buttons/label_b_about.png]
[web.archive.org/web/20140213005033im_/http_/www.monkeyquest.com/monkeyquest/static/images/en/buttons/label_b_beta.png]
[web.archive.org/web/20140213005353im_/http_/www.monkeyquest.com/monkeyquest/static/images/en/buttons/label_b_home.png]
[web.archive.org/web/20140213005805im_/http_/www.monkeyquest.com/monkeyquest/static/images/en/buttons/label_game_down_small.png]
[web.archive.org/web/20140213005210im_/http_/www.monkeyquest.com/monkeyquest/static/images/en/buttons/b_enable.png]
[web.archive.org/web/20140213005952im_/http_/www.monkeyquest.com/monkeyquest/static/images/en/buttons/b_disable.png]
[web.archive.org/web/20140213010333im_/http_/www.monkeyquest.com/monkeyquest/static/images/all/buttons/b_news_collapse.png]
[web.archive.org/web/20140213005758im_/http_/www.monkeyquest.com/monkeyquest/static/images/all/buttons/b_nav_arrows.png]
[web.archive.org/web/20140213010454im_/http_/www.monkeyquest.com/monkeyquest/static/images/en/buttons/b_login_small.html]
[web.archive.org/web/20140213005217im_/http_/www.monkeyquest.com/monkeyquest/static/images/all/buttons/subnav_arrows.png]
[web.archive.org/web/20140213011956im_/http_/www.monkeyquest.com/monkeyquest/static/images/all/buttons/play/enabled.png]
[web.archive.org/web/20140213004941im_/http_/www.monkeyquest.com/monkeyquest/static/images/all/buttons/play/disabled.png]
[web.archive.org/web/20140213005830im_/http_/www.monkeyquest.com/monkeyquest/static/images/en/buttons/registration_playnow.png]
[web.archive.org/web/20140213005608im_/http_/www.monkeyquest.com/monkeyquest/static/images/en/buttons/registration_member.png]
[web.archive.org/web/20140213005914im_/http_/www.monkeyquest.com/monkeyquest/static/images/en/buttons/registration_nickcash.png]
[web.archive.org/web/20140213011553im_/http_/www.monkeyquest.com/monkeyquest/static/images/en/buttons/b_yes.png]
[web.archive.org/web/20140213011346im_/http_/www.monkeyquest.com/monkeyquest/static/images/en/buttons/b_no.png]
[web.archive.org/web/20140213011059im_/http_/www.monkeyquest.com/monkeyquest/static/images/all/bg/glow_large.png]
[web.archive.org/web/20140213010041im_/http_/www.monkeyquest.com/monkeyquest/static/images/all/bg/glow_small.png]
[web.archive.org/web/20140213011140im_/http_/www.monkeyquest.com/monkeyquest/static/images/all/buttons/form-controls.png]
[web.archive.org/web/20140123090503cs_/http_/www.monkeyquest.com/monkeyquest/static/css/fragments.buttons.css]
[web.archive.org/web/20140123090407im_/http_/images.neopets.com/mamabar/mb_tab_left.gif]
[web.archive.org/web/20140123090407im_/http_/images.neopets.com/mamabar/mb_tab_right.gif]
[web.archive.org/web/20140123090407im_/http_/images.neopets.com/mamabar/mb_topbar.gif]
[web.archive.org/web/20140123090407im_/http_/images.neopets.com/mamabar/mb_bottombar.png]
[web.archive.org/web/20140123090407im_/http_/images.neopets.com/mamabar/mb_bottombar_ie.gif]
[web.archive.org/web/20140123090407cs_/http_/www.monkeyquest.com/monkeyquest/static/css/mamabar.css]
[web.archive.org/web/20140213010258im_/http_/www.monkeyquest.com/monkeyquest/static/images/en/titles/t_beta_info.png]
[web.archive.org/web/20140213011432im_/http_/www.monkeyquest.com/monkeyquest/static/images/en/titles/t_about.png]
[web.archive.org/web/20140213005631im_/http_/www.monkeyquest.com/monkeyquest/static/images/en/titles/t_terms_conditions.png]
[web.archive.org/web/20140213005038im_/http_/www.monkeyquest.com/monkeyquest/static/images/en/titles/t_privacy_policies.png]
[web.archive.org/web/20140213010721im_/http_/www.monkeyquest.com/monkeyquest/static/images/en/titles/t_contact.png]
[web.archive.org/web/20140213005917im_/http_/www.monkeyquest.com/monkeyquest/static/images/en/titles/t_registration.png]
[web.archive.org/web/20140213004856im_/http_/www.monkeyquest.com/monkeyquest/static/images/en/titles/t_report_a_bug.png]
[web.archive.org/web/20140213004706im_/http_/www.monkeyquest.com/monkeyquest/static/images/en/titles/t_privacy_policy.png]
[web.archive.org/web/20140213005241im_/http_/www.monkeyquest.com/monkeyquest/static/images/en/titles/t_terms_of_use.png]
[web.archive.org/web/20140213010248im_/http_/www.monkeyquest.com/monkeyquest/static/images/en/titles/st_latest_news.png]
[web.archive.org/web/20140213011847im_/http_/www.monkeyquest.com/monkeyquest/static/images/en/titles/st_leave_feedback.png]
[web.archive.org/web/20140123090506cs_/http_/www.monkeyquest.com/monkeyquest/static/css/titles.css]
[web.archive.org/web/20140213004714im_/http_/www.monkeyquest.com/monkeyquest/static/images/fr/titles/st_latest_news.html]
[web.archive.org/web/20140213011205im_/http_/www.monkeyquest.com/monkeyquest/static/images/all/bg/lightbox_content_body.png]
[web.archive.org/web/20140213010425im_/http_/www.monkeyquest.com/monkeyquest/static/images/all/bg/lightbox_content_top.png]
[web.archive.org/web/20140213005839im_/http_/www.monkeyquest.com/monkeyquest/static/images/all/bg/lightbox_content_bottom.png]
[web.archive.org/web/20140213010943im_/http_/www.monkeyquest.com/monkeyquest/static/images/all/bg/modalbox_slideshow.png]
[web.archive.org/web/20140213005713im_/http_/www.monkeyquest.com/monkeyquest/static/images/all/buttons/monkeybox_controls.png]
[web.archive.org/web/20140213011138im_/http_/www.monkeyquest.com/monkeyquest/static/images/all/bg/modalbox.png]
[web.archive.org/web/20140123090508cs_/http_/www.monkeyquest.com/monkeyquest/static/css/common/dialogs.css]
[web.archive.org/web/20140213005730im_/http_/www.monkeyquest.com/monkeyquest/static/css/images/all/bg/survey_bg.html]
[web.archive.org/web/20140213005209im_/http_/www.monkeyquest.com/monkeyquest/static/images/all/global/dialog/promotions/login/april-fools/background.png]
[web.archive.org/web/20140213012106im_/http_/www.monkeyquest.com/monkeyquest/static/images/all/buttons/close.png]
[web.archive.org/web/20140123090512cs_/http_/www.monkeyquest.com/monkeyquest/static/css/global/promotions/login/april-fools.css]
[web.archive.org/web/20140213010006im_/http_/www.monkeyquest.com/monkeyquest/static/images/all/global/dialog/promotions/login/grenade-of-doom/border.png]
[web.archive.org/web/20140213010620im_/http_/www.monkeyquest.com/monkeyquest/static/images/all/global/dialog/promotions/login/grenade-of-doom/background.jpg]
[web.archive.org/web/20140213005714im_/http_/www.monkeyquest.com/monkeyquest/static/images/all/global/dialog/promotions/login/grenade-of-doom/btn-thanks.png]
[web.archive.org/web/20140123090513cs_/http_/www.monkeyquest.com/monkeyquest/static/css/global/promotions/login/grenade-of-doom.css]
[web.archive.org/web/20140213010023im_/http_/www.monkeyquest.com/monkeyquest/static/images/dlc-landing/download_game.jpg]
[web.archive.org/web/20140213005205im_/http_/www.monkeyquest.com/monkeyquest/static/images/dlc-landing/btn_get_started_wide.png]
[web.archive.org/web/20140213011421im_/http_/www.monkeyquest.com/monkeyquest/static/images/dlc-landing/embed-loginad-download-dlc.png]
[web.archive.org/web/20140213005935im_/http_/www.monkeyquest.com/monkeyquest/static/images/dlc-landing/btn-start-now.png]
[web.archive.org/web/20140123090515cs_/http_/www.monkeyquest.com/monkeyquest/static/css/global/loginAd/dlc-download.css]
[web.archive.org/web/20140123090522im_/http_/www.monkeyquest.com/monkeyquest/static/images/all/icons/ico_form_load_bert.html]
[web.archive.org/web/20140123090809im_/http_/www.monkeyquest.com/monkeyquest/static/images/all/buttons/large-animated.html]
[web.archive.org/web/20140123090931im_/http_/www.monkeyquest.com/monkeyquest/static/images/all/pages/lander/control/common/login-backgorund.html]
[web.archive.org/web/20140123090935im_/http_/www.monkeyquest.com/monkeyquest/static/images/all/pages/lander/control/common/btn-login.html]
[web.archive.org/web/20140123120446/http_/www.monkeyquest.com/en/^(([^_/indexd41d.html]
[web.archive.org/web/20140123120446/http_/www.monkeyquest.com/en/WebKit/index.html]
[web.archive.org/web/20140123120446/http_/www.monkeyquest.com/en/Chrome/index.html]
[web.archive.org/web/20140123120446/http_/www.monkeyquest.com/en/Version/index.html]
[web.archive.org/web/20140123120446/http_/www.monkeyquest.com/en/Firefox/index.html]
[web.archive.org/web/20140123120446/http_/www.monkeyquest.com/en/Minefield/index.html]
[web.archive.org/web/20140123120446/http_/www.monkeyquest.com/en/GET.html]
[web.archive.org/heap/static/heap/images/heap.html]
[web.archive.org/heap/static/heap/images/heap-mini.html]
[web.archive.org/tools/jslib.html]
[web.archive.org/monkeyquest/static/images/all/icons/loading.html]
[web.archive.org/web/20140123120446/http_/www.monkeyquest.com/en/.html]
[web.archive.org/web/20140123120459im_/http_/images.neopets.com/mamabar/mb_tab_left.html]
[web.archive.org/web/20140123120459im_/http_/images.neopets.com/mamabar/mb_tab_right.html]
[web.archive.org/web/20140123120459im_/http_/images.neopets.com/mamabar/mb_topbar.html]
[web.archive.org/web/20140123120459im_/http_/images.neopets.com/mamabar/mb_bottombar.html]
[web.archive.org/web/20140123120459im_/http_/images.neopets.com/mamabar/mb_bottombar_ie.html]
[web.archive.org/monkeyquest/static/css/nvwg-ext/UI/Widgets/Form/CustomElement769e.html]
[web.archive.org/monkeyquest/static/css/monkeyquest769e.html]
[web.archive.org/monkeyquest/static/js/jquery/jquery-1.4.1.min769e.html]
[web.archive.org/monkeyquest/static/js/jquery/jquery.cookie769e.html]
[web.archive.org/monkeyquest/static/js/jquery/jquery.validate.min769e.html]
[web.archive.org/static-lib/dojo/1.6/dojo/dojo-build769e.html]
[web.archive.org/monkeyquest/static/js/nvwg-ext/UI/Base769e.html]
[web.archive.org/monkeyquest/static/js/nvwg-ext/UI/Util/Cookie769e.html]
[web.archive.org/monkeyquest/static/js/nvwg-ext/UI/Widgets/Form/CustomElement769e.html]
[web.archive.org/monkeyquest/static/js/lib/user769e.html]
[web.archive.org/monkeyquest/static/js/mq769e.html]
[web.archive.org/data/user/session769e.html]
[web.archive.org/monkeyquest/static/js/fragments.ooktime769e.html]
[web.archive.org/monkeyquest/static/js/json2769e.html]
[web.archive.org/monkeyquest/static/js/turbulent.forms769e.html]
[web.archive.org/monkeyquest/static/js/swfobject769e.html]
[web.archive.org/monkeyquest/static/js/cufon/cufon-yui769e.html]
[web.archive.org/monkeyquest/static/js/cufon/GROBOLD_500.font769e.html]
[web.archive.org/monkeyquest/static/js/mq_stats769e.html]
[www.monkeyquest.com/docs/sizes/528be262ea53a/source/CTSfooter.html]
[www.monkeyquest.com/docs/sizes/528e78962a1f3/source/ctsbg.html]
[www.monkeyquest.com/docs/sizes/528be26a2face/source/CTSheader.html]
[www.monkeyquest.com/monkeyquest/static/images/all/buttons/fb-like-decoy.html]
[www.monkeyquest.com/docs/sizes/4ee8df91bba34/features_thumb/background-superhero-1280.html]
[www.monkeyquest.com/docs/sizes/4e24655dc4372/features_thumb/Player-Screenshot-vespid-imagen.html]
[www.monkeyquest.com/docs/sizes/4d8149ea92c25/features_thumb/monkeyking.html]
[www.monkeyquest.com/docs/sizes/4d815b827253c/features_thumb/MQscreengrab32.html]
[www.monkeyquest.com/monkeyquest/static/css/fragments.footer.html]
[www.monkeyquest.com/monkeyquest/static/css/fragments.misc.html]
[www.monkeyquest.com/monkeyquest/static/images/en/logo/footer_nickelodeon.html]
[www.monkeyquest.com/monkeyquest/static/images/en/buttons/b_nick_kids_teens.html]
[web.archive.org/monkeyquest/static/js/common/game-moded171.html]
[web.archive.org/monkeyquest/static/css/nvwg-ext/UI/Widgets/Form/form-controls.html]
[www.monkeyquest.com/docs/sizes/52e94564d0468/source/mq_tmnt_ftr.2a0.delayed]
[www.monkeyquest.com/docs/sizes/52e945506e49f/source/mq_tmnt_bg.jpg]
[www.monkeyquest.com/docs/sizes/52e945786ae48/source/mq_tmnt_hdr.png]
[web.archive.org/web/20140213010454im_/http_/www.monkeyquest.com/monkeyquest/static/images/en/buttons/b_login_small.html]
[web.archive.org/web/20140123090407im_/http_/images.neopets.com/mamabar/mb_tab_left.html]
[web.archive.org/web/20140123090407im_/http_/images.neopets.com/mamabar/mb_tab_right.html]
[web.archive.org/web/20140123090407im_/http_/images.neopets.com/mamabar/mb_topbar.html]
[web.archive.org/web/20140123090407im_/http_/images.neopets.com/mamabar/mb_bottombar.html]
[web.archive.org/web/20140123090407im_/http_/images.neopets.com/mamabar/mb_bottombar_ie.html]
[web.archive.org/web/20140213004714im_/http_/www.monkeyquest.com/monkeyquest/static/images/fr/titles/st_latest_news.html]
[web.archive.org/web/20140213005730im_/http_/www.monkeyquest.com/monkeyquest/static/css/images/all/bg/survey_bg.html]
[web.archive.org/monkeyquest/static/images/all/icons/ico_form_load_bert.html]
[web.archive.org/monkeyquest/static/images/all/buttons/large-animated.html]
[web.archive.org/monkeyquest/static/images/all/pages/lander/control/common/login-backgorund.html]
[web.archive.org/monkeyquest/static/images/all/pages/lander/control/common/btn-login.html]
[web.archive.org/monkeyquest/static/css/nvwg-ext/UI/Widgets/Form/CustomElement5303.html]
[web.archive.org/monkeyquest/static/css/monkeyquest5303.html]
[web.archive.org/monkeyquest/static/js/jquery/jquery-1.4.1.min5303.html]
[web.archive.org/monkeyquest/static/js/jquery/jquery.cookie5303.html]
[web.archive.org/monkeyquest/static/js/jquery/jquery.validate.min5303.html]
[web.archive.org/static-lib/dojo/1.6/dojo/dojo-build5303.html]
[web.archive.org/monkeyquest/static/js/nvwg-ext/UI/Base5303.html]
[web.archive.org/monkeyquest/static/js/nvwg-ext/UI/Util/Cookie5303.html]
[web.archive.org/monkeyquest/static/js/nvwg-ext/UI/Widgets/Form/CustomElement5303.html]
[web.archive.org/monkeyquest/static/js/lib/user5303.html]
[web.archive.org/monkeyquest/static/js/mq5303.html]
[web.archive.org/data/user/session5303.html]
[web.archive.org/monkeyquest/static/js/fragments.ooktime5303.html]
[web.archive.org/monkeyquest/static/js/json25303.html]
[web.archive.org/monkeyquest/static/js/turbulent.forms5303.html]
[web.archive.org/monkeyquest/static/js/swfobject5303.html]
[web.archive.org/monkeyquest/static/js/cufon/cufon-yui5303.html]
[web.archive.org/monkeyquest/static/js/cufon/GROBOLD_500.font5303.html]
[web.archive.org/monkeyquest/static/js/mq_stats5303.html]
[www.monkeyquest.com/docs/sizes/52e94564d0468/source/mq_tmnt_ftr.html]
[www.monkeyquest.com/docs/sizes/52e945506e49f/source/mq_tmnt_bg.html]
[www.monkeyquest.com/docs/sizes/52e945786ae48/source/mq_tmnt_hdr.html]
[web.archive.org/monkeyquest/static/js/common/game-mode40fd.html]
[web.archive.org/monkeyquest/static/images/en/buttons/b_login_small.html]
[web.archive.org/monkeyquest/static/images/fr/titles/st_latest_news.html]
[web.archive.org/monkeyquest/static/css/images/all/bg/survey_bg.html]
[web.archive.org/cache/heap.en3df8.js]
[web.archive.org/cache/heap.en.js]
[web.archive.org/cache/heap.en769e.js]
[web.archive.org/cache/heap.en5303.js]
